Archive member included to satisfy reference by file (symbol)

c:/ac6/systemworkbench/plugins/fr.ac6.mcu.externaltools.arm-none.win32_1.17.0.201812190825/tools/compiler/bin/../lib/gcc/arm-none-eabi/7.3.1/../../../../arm-none-eabi/lib/thumb/v7-m\libc_nano.a(lib_a-exit.o)
                              c:/ac6/systemworkbench/plugins/fr.ac6.mcu.externaltools.arm-none.win32_1.17.0.201812190825/tools/compiler/bin/../lib/gcc/arm-none-eabi/7.3.1/../../../../arm-none-eabi/lib/thumb/v7-m/crt0.o (exit)
c:/ac6/systemworkbench/plugins/fr.ac6.mcu.externaltools.arm-none.win32_1.17.0.201812190825/tools/compiler/bin/../lib/gcc/arm-none-eabi/7.3.1/../../../../arm-none-eabi/lib/thumb/v7-m\libc_nano.a(lib_a-impure.o)
                              c:/ac6/systemworkbench/plugins/fr.ac6.mcu.externaltools.arm-none.win32_1.17.0.201812190825/tools/compiler/bin/../lib/gcc/arm-none-eabi/7.3.1/../../../../arm-none-eabi/lib/thumb/v7-m\libc_nano.a(lib_a-exit.o) (_global_impure_ptr)
c:/ac6/systemworkbench/plugins/fr.ac6.mcu.externaltools.arm-none.win32_1.17.0.201812190825/tools/compiler/bin/../lib/gcc/arm-none-eabi/7.3.1/../../../../arm-none-eabi/lib/thumb/v7-m\libc_nano.a(lib_a-init.o)
                              c:/ac6/systemworkbench/plugins/fr.ac6.mcu.externaltools.arm-none.win32_1.17.0.201812190825/tools/compiler/bin/../lib/gcc/arm-none-eabi/7.3.1/../../../../arm-none-eabi/lib/thumb/v7-m/crt0.o (__libc_init_array)
c:/ac6/systemworkbench/plugins/fr.ac6.mcu.externaltools.arm-none.win32_1.17.0.201812190825/tools/compiler/bin/../lib/gcc/arm-none-eabi/7.3.1/../../../../arm-none-eabi/lib/thumb/v7-m\libc_nano.a(lib_a-memcpy-stub.o)
                              Src/DMA_USART.o (memcpy)
c:/ac6/systemworkbench/plugins/fr.ac6.mcu.externaltools.arm-none.win32_1.17.0.201812190825/tools/compiler/bin/../lib/gcc/arm-none-eabi/7.3.1/../../../../arm-none-eabi/lib/thumb/v7-m\libc_nano.a(lib_a-memset.o)
                              c:/ac6/systemworkbench/plugins/fr.ac6.mcu.externaltools.arm-none.win32_1.17.0.201812190825/tools/compiler/bin/../lib/gcc/arm-none-eabi/7.3.1/../../../../arm-none-eabi/lib/thumb/v7-m/crt0.o (memset)
c:/ac6/systemworkbench/plugins/fr.ac6.mcu.externaltools.arm-none.win32_1.17.0.201812190825/tools/compiler/bin/../lib/gcc/arm-none-eabi/7.3.1/../../../../arm-none-eabi/lib/thumb/v7-m\libc_nano.a(lib_a-sprintf.o)
                              Src/nextion.o (sprintf)
c:/ac6/systemworkbench/plugins/fr.ac6.mcu.externaltools.arm-none.win32_1.17.0.201812190825/tools/compiler/bin/../lib/gcc/arm-none-eabi/7.3.1/../../../../arm-none-eabi/lib/thumb/v7-m\libc_nano.a(lib_a-strlen.o)
                              Src/nextion.o (strlen)
c:/ac6/systemworkbench/plugins/fr.ac6.mcu.externaltools.arm-none.win32_1.17.0.201812190825/tools/compiler/bin/../lib/gcc/arm-none-eabi/7.3.1/../../../../arm-none-eabi/lib/thumb/v7-m\libc_nano.a(lib_a-strncpy.o)
                              Src/nextion.o (strncpy)
c:/ac6/systemworkbench/plugins/fr.ac6.mcu.externaltools.arm-none.win32_1.17.0.201812190825/tools/compiler/bin/../lib/gcc/arm-none-eabi/7.3.1/../../../../arm-none-eabi/lib/thumb/v7-m\libc_nano.a(lib_a-vsprintf.o)
                              Src/Interface_Master.o (vsprintf)
c:/ac6/systemworkbench/plugins/fr.ac6.mcu.externaltools.arm-none.win32_1.17.0.201812190825/tools/compiler/bin/../lib/gcc/arm-none-eabi/7.3.1/../../../../arm-none-eabi/lib/thumb/v7-m\libc_nano.a(lib_a-nano-svfprintf.o)
                              c:/ac6/systemworkbench/plugins/fr.ac6.mcu.externaltools.arm-none.win32_1.17.0.201812190825/tools/compiler/bin/../lib/gcc/arm-none-eabi/7.3.1/../../../../arm-none-eabi/lib/thumb/v7-m\libc_nano.a(lib_a-sprintf.o) (_svfprintf_r)
c:/ac6/systemworkbench/plugins/fr.ac6.mcu.externaltools.arm-none.win32_1.17.0.201812190825/tools/compiler/bin/../lib/gcc/arm-none-eabi/7.3.1/../../../../arm-none-eabi/lib/thumb/v7-m\libc_nano.a(lib_a-nano-vfprintf_i.o)
                              c:/ac6/systemworkbench/plugins/fr.ac6.mcu.externaltools.arm-none.win32_1.17.0.201812190825/tools/compiler/bin/../lib/gcc/arm-none-eabi/7.3.1/../../../../arm-none-eabi/lib/thumb/v7-m\libc_nano.a(lib_a-nano-svfprintf.o) (_printf_i)
c:/ac6/systemworkbench/plugins/fr.ac6.mcu.externaltools.arm-none.win32_1.17.0.201812190825/tools/compiler/bin/../lib/gcc/arm-none-eabi/7.3.1/../../../../arm-none-eabi/lib/thumb/v7-m\libc_nano.a(lib_a-memchr-stub.o)
                              c:/ac6/systemworkbench/plugins/fr.ac6.mcu.externaltools.arm-none.win32_1.17.0.201812190825/tools/compiler/bin/../lib/gcc/arm-none-eabi/7.3.1/../../../../arm-none-eabi/lib/thumb/v7-m\libc_nano.a(lib_a-nano-svfprintf.o) (memchr)
c:/ac6/systemworkbench/plugins/fr.ac6.mcu.externaltools.arm-none.win32_1.17.0.201812190825/tools/compiler/bin/../lib/gcc/arm-none-eabi/7.3.1/../../../../arm-none-eabi/lib/thumb/v7-m\libc_nano.a(lib_a-memmove.o)
[...]
Memory Configuration

Name             Origin             Length             Attributes
RAM              0x20000000         0x00005000         xrw
FLASH            0x08000000         0x00010000         xr
*default*        0x00000000         0xffffffff

Linker script and memory map

LOAD c:/ac6/systemworkbench/plugins/fr.ac6.mcu.externaltools.arm-none.win32_1.17.0.201812190825/tools/compiler/bin/../lib/gcc/arm-none-eabi/7.3.1/thumb/v7-m/crti.o
LOAD c:/ac6/systemworkbench/plugins/fr.ac6.mcu.externaltools.arm-none.win32_1.17.0.201812190825/tools/compiler/bin/../lib/gcc/arm-none-eabi/7.3.1/thumb/v7-m/crtbegin.o
LOAD c:/ac6/systemworkbench/plugins/fr.ac6.mcu.externaltools.arm-none.win32_1.17.0.201812190825/tools/compiler/bin/../lib/gcc/arm-none-eabi/7.3.1/../../../../arm-none-eabi/lib/thumb/v7-m/crt0.o
LOAD Drivers/STM32F1xx_HAL_Driver/Src/stm32f1xx_hal.o
LOAD Drivers/STM32F1xx_HAL_Driver/Src/stm32f1xx_hal_can.o
LOAD Drivers/STM32F1xx_HAL_Driver/Src/stm32f1xx_hal_cortex.o
LOAD Drivers/STM32F1xx_HAL_Driver/Src/stm32f1xx_hal_dma.o
LOAD Drivers/STM32F1xx_HAL_Driver/Src/stm32f1xx_hal_flash.o
LOAD Drivers/STM32F1xx_HAL_Driver/Src/stm32f1xx_hal_flash_ex.o
LOAD Drivers/STM32F1xx_HAL_Driver/Src/stm32f1xx_hal_gpio.o
LOAD Drivers/STM32F1xx_HAL_Driver/Src/stm32f1xx_hal_gpio_ex.o
LOAD Drivers/STM32F1xx_HAL_Driver/Src/stm32f1xx_hal_pwr.o
LOAD Drivers/STM32F1xx_HAL_Driver/Src/stm32f1xx_hal_rcc.o
LOAD Drivers/STM32F1xx_HAL_Driver/Src/stm32f1xx_hal_rcc_ex.o
LOAD Drivers/STM32F1xx_HAL_Driver/Src/stm32f1xx_hal_spi.o
LOAD Drivers/STM32F1xx_HAL_Driver/Src/stm32f1xx_hal_spi_ex.o
LOAD Drivers/STM32F1xx_HAL_Driver/Src/stm32f1xx_hal_tim.o
LOAD Drivers/STM32F1xx_HAL_Driver/Src/stm32f1xx_hal_tim_ex.o
LOAD Drivers/STM32F1xx_HAL_Driver/Src/stm32f1xx_hal_uart.o
LOAD Src/DMA_USART.o
LOAD Src/Interface_Master.o
LOAD Src/can.o
LOAD Src/dma.o
LOAD Src/gpio.o
LOAD Src/lcd_dash.o
LOAD Src/main.o
LOAD Src/nRF24.o
LOAD Src/nextion.o
LOAD Src/spi.o
LOAD Src/stm32f1xx_hal_msp.o
LOAD Src/stm32f1xx_it.o
LOAD Src/system_stm32f1xx.o
LOAD Src/telemetry.o
LOAD Src/tim.o
LOAD Src/usart.o
LOAD Src/xbee.o
LOAD startup/startup_stm32f103xb.o
LOAD c:/ac6/systemworkbench/plugins/fr.ac6.mcu.externaltools.arm-none.win32_1.17.0.201812190825/tools/compiler/bin/../lib/gcc/arm-none-eabi/7.3.1/../../../../arm-none-eabi/lib/thumb/v7-m\libm.a
START GROUP
LOAD c:/ac6/systemworkbench/plugins/fr.ac6.mcu.externaltools.arm-none.win32_1.17.0.201812190825/tools/compiler/bin/../lib/gcc/arm-none-eabi/7.3.1/thumb/v7-m\libgcc.a
LOAD c:/ac6/systemworkbench/plugins/fr.ac6.mcu.externaltools.arm-none.win32_1.17.0.201812190825/tools/compiler/bin/../lib/gcc/arm-none-eabi/7.3.1/../../../../arm-none-eabi/lib/thumb/v7-m\libc_nano.a
END GROUP
START GROUP
LOAD c:/ac6/systemworkbench/plugins/fr.ac6.mcu.externaltools.arm-none.win32_1.17.0.201812190825/tools/compiler/bin/../lib/gcc/arm-none-eabi/7.3.1/thumb/v7-m\libgcc.a
LOAD c:/ac6/systemworkbench/plugins/fr.ac6.mcu.externaltools.arm-none.win32_1.17.0.201812190825/tools/compiler/bin/../lib/gcc/arm-none-eabi/7.3.1/../../../../arm-none-eabi/lib/thumb/v7-m\libc_nano.a
LOAD c:/ac6/systemworkbench/plugins/fr.ac6.mcu.externaltools.arm-none.win32_1.17.0.201812190825/tools/compiler/bin/../lib/gcc/arm-none-eabi/7.3.1/../../../../arm-none-eabi/lib/thumb/v7-m\libnosys.a
END GROUP
START GROUP
LOAD c:/ac6/systemworkbench/plugins/fr.ac6.mcu.externaltools.arm-none.win32_1.17.0.201812190825/tools/compiler/bin/../lib/gcc/arm-none-eabi/7.3.1/thumb/v7-m\libgcc.a
LOAD c:/ac6/systemworkbench/plugins/fr.ac6.mcu.externaltools.arm-none.win32_1.17.0.201812190825/tools/compiler/bin/../lib/gcc/arm-none-eabi/7.3.1/../../../../arm-none-eabi/lib/thumb/v7-m\libc_nano.a
LOAD c:/ac6/systemworkbench/plugins/fr.ac6.mcu.externaltools.arm-none.win32_1.17.0.201812190825/tools/compiler/bin/../lib/gcc/arm-none-eabi/7.3.1/../../../../arm-none-eabi/lib/thumb/v7-m\libnosys.a
END GROUP
LOAD c:/ac6/systemworkbench/plugins/fr.ac6.mcu.externaltools.arm-none.win32_1.17.0.201812190825/tools/compiler/bin/../lib/gcc/arm-none-eabi/7.3.1/thumb/v7-m/crtend.o
LOAD c:/ac6/systemworkbench/plugins/fr.ac6.mcu.externaltools.arm-none.win32_1.17.0.201812190825/tools/compiler/bin/../lib/gcc/arm-none-eabi/7.3.1/thumb/v7-m/crtn.o
                0x20005000                _estack = 0x20005000
                0x00000200                _Min_Heap_Size = 0x200
                0x00000400                _Min_Stack_Size = 0x400

.isr_vector     0x08000000      0x10c
                0x08000000                . = ALIGN (0x4)
 *(.isr_vector)
 .isr_vector    0x08000000      0x10c startup/startup_stm32f103xb.o
                0x08000000                g_pfnVectors
                0x0800010c                . = ALIGN (0x4)

.text           0x0800010c     0x34e8
                0x0800010c                . = ALIGN (0x4)
 *(.text)
 .text          0x0800010c       0x40 c:/ac6/systemworkbench/plugins/fr.ac6.mcu.externaltools.arm-none.win32_1.17.0.201812190825/tools/compiler/bin/../lib/gcc/arm-none-eabi/7.3.1/thumb/v7-m/crtbegin.o
 .text          0x0800014c       0x10 c:/ac6/systemworkbench/plugins/fr.ac6.mcu.externaltools.arm-none.win32_1.17.0.201812190825/tools/compiler/bin/../lib/gcc/arm-none-eabi/7.3.1/../../../../arm-none-eabi/lib/thumb/v7-m\libc_nano.a(lib_a-strlen.o)
                0x0800014c                strlen
 *(.text*)
 .text.HAL_InitTick
                0x0800015c       0x48 Drivers/STM32F1xx_HAL_Driver/Src/stm32f1xx_hal.o
                0x0800015c                HAL_InitTick
 .text.HAL_Init
                0x080001a4       0x24 Drivers/STM32F1xx_HAL_Driver/Src/stm32f1xx_hal.o
                0x080001a4                HAL_Init
 .text.HAL_IncTick
                0x080001c8       0x18 Drivers/STM32F1xx_HAL_Driver/Src/stm32f1xx_hal.o
                0x080001c8                HAL_IncTick
 .text.HAL_GetTick
                0x080001e0        0xc Drivers/STM32F1xx_HAL_Driver/Src/stm32f1xx_hal.o
                0x080001e0                HAL_GetTick
 .text.HAL_Delay
                0x080001ec       0x28 Drivers/STM32F1xx_HAL_Driver/Src/stm32f1xx_hal.o
                0x080001ec                HAL_Delay
 .text.HAL_CAN_ConfigFilter
                0x08000214      0x106 Drivers/STM32F1xx_HAL_Driver/Src/stm32f1xx_hal_can.o
                0x08000214                HAL_CAN_ConfigFilter
 .text.HAL_CAN_Init
                0x0800031a      0x136 Drivers/STM32F1xx_HAL_Driver/Src/stm32f1xx_hal_can.o
                0x0800031a                HAL_CAN_Init
 .text.HAL_CAN_Receive_IT
                0x08000450      0x128 Drivers/STM32F1xx_HAL_Driver/Src/stm32f1xx_hal_can.o
                0x08000450                HAL_CAN_Receive_IT
 .text.HAL_CAN_TxCpltCallback
                0x08000578        0x2 Drivers/STM32F1xx_HAL_Driver/Src/stm32f1xx_hal_can.o
                0x08000578                HAL_CAN_TxCpltCallback
 .text.CAN_Transmit_IT
                0x0800057a       0x5a Drivers/STM32F1xx_HAL_Driver/Src/stm32f1xx_hal_can.o
 .text.HAL_CAN_RxCpltCallback
                0x080005d4        0x2 Drivers/STM32F1xx_HAL_Driver/Src/stm32f1xx_hal_can.o
                0x080005d4                HAL_CAN_RxCpltCallback
 .text.CAN_Receive_IT
                0x080005d6      0x170 Drivers/STM32F1xx_HAL_Driver/Src/stm32f1xx_hal_can.o
 *fill*         0x08000746        0x2 
 .text.HAL_CAN_IRQHandler
                0x08000748      0x1fc Drivers/STM32F1xx_HAL_Driver/Src/stm32f1xx_hal_can.o
                0x08000748                HAL_CAN_IRQHandler
 .text.HAL_NVIC_SetPriorityGrouping
                0x08000944       0x24 Drivers/STM32F1xx_HAL_Driver/Src/stm32f1xx_hal_cortex.o
                0x08000944                HAL_NVIC_SetPriorityGrouping
 .text.HAL_NVIC_SetPriority
                0x08000968       0x68 Drivers/STM32F1xx_HAL_Driver/Src/stm32f1xx_hal_cortex.o
                0x08000968                HAL_NVIC_SetPriority
 .text.HAL_NVIC_EnableIRQ
                0x080009d0       0x18 Drivers/STM32F1xx_HAL_Driver/Src/stm32f1xx_hal_cortex.o
                0x080009d0                HAL_NVIC_EnableIRQ
 .text.HAL_SYSTICK_Config
                0x080009e8       0x2c Drivers/STM32F1xx_HAL_Driver/Src/stm32f1xx_hal_cortex.o
                0x080009e8                HAL_SYSTICK_Config
 .text.HAL_SYSTICK_CLKSourceConfig
                0x08000a14       0x20 Drivers/STM32F1xx_HAL_Driver/Src/stm32f1xx_hal_cortex.o
                0x08000a14                HAL_SYSTICK_CLKSourceConfig
 .text.HAL_SYSTICK_Callback
                0x08000a34        0x2 Drivers/STM32F1xx_HAL_Driver/Src/stm32f1xx_hal_cortex.o
                0x08000a34                HAL_SYSTICK_Callback
 .text.HAL_SYSTICK_IRQHandler
                0x08000a36        0x8 Drivers/STM32F1xx_HAL_Driver/Src/stm32f1xx_hal_cortex.o
                0x08000a36                HAL_SYSTICK_IRQHandler
 .text.DMA_SetConfig
                0x08000a3e       0x2c Drivers/STM32F1xx_HAL_Driver/Src/stm32f1xx_hal_dma.o
 *fill*         0x08000a6a        0x2 
 .text.HAL_DMA_Init
                0x08000a6c       0x78 Drivers/STM32F1xx_HAL_Driver/Src/stm32f1xx_hal_dma.o
                0x08000a6c                HAL_DMA_Init
 .text.HAL_DMA_Start_IT
                0x08000ae4       0x74 Drivers/STM32F1xx_HAL_Driver/Src/stm32f1xx_hal_dma.o
                0x08000ae4                HAL_DMA_Start_IT
 .text.HAL_GPIO_Init
                0x08000b58      0x1d4 Drivers/STM32F1xx_HAL_Driver/Src/stm32f1xx_hal_gpio.o
                0x08000b58                HAL_GPIO_Init
 .text.HAL_GPIO_WritePin
                0x08000d2c        0xc Drivers/STM32F1xx_HAL_Driver/Src/stm32f1xx_hal_gpio.o
                0x08000d2c                HAL_GPIO_WritePin
 .text.HAL_GPIO_TogglePin
                0x08000d38        0x8 Drivers/STM32F1xx_HAL_Driver/Src/stm32f1xx_hal_gpio.o
                0x08000d38                HAL_GPIO_TogglePin
 .text.RCC_Delay
                0x08000d40       0x2c Drivers/STM32F1xx_HAL_Driver/Src/stm32f1xx_hal_rcc.o
 .text.HAL_RCC_OscConfig
                0x08000d6c      0x3dc Drivers/STM32F1xx_HAL_Driver/Src/stm32f1xx_hal_rcc.o
                0x08000d6c                HAL_RCC_OscConfig
 .text.HAL_RCC_GetSysClockFreq
                0x08001148       0x70 Drivers/STM32F1xx_HAL_Driver/Src/stm32f1xx_hal_rcc.o
                0x08001148                HAL_RCC_GetSysClockFreq
 .text.HAL_RCC_ClockConfig
                0x080011b8      0x178 Drivers/STM32F1xx_HAL_Driver/Src/stm32f1xx_hal_rcc.o
                0x080011b8                HAL_RCC_ClockConfig
 .text.HAL_RCC_GetHCLKFreq
                0x08001330        0xc Drivers/STM32F1xx_HAL_Driver/Src/stm32f1xx_hal_rcc.o
                0x08001330                HAL_RCC_GetHCLKFreq
 .text.HAL_RCC_GetPCLK1Freq
                0x0800133c       0x20 Drivers/STM32F1xx_HAL_Driver/Src/stm32f1xx_hal_rcc.o
                0x0800133c                HAL_RCC_GetPCLK1Freq
 .text.HAL_RCC_GetPCLK2Freq
                0x0800135c       0x20 Drivers/STM32F1xx_HAL_Driver/Src/stm32f1xx_hal_rcc.o
                0x0800135c                HAL_RCC_GetPCLK2Freq
 .text.UART_EndTxTransfer
                0x0800137c       0x12 Drivers/STM32F1xx_HAL_Driver/Src/stm32f1xx_hal_uart.o
 .text.UART_EndRxTransfer
                0x0800138e       0x1c Drivers/STM32F1xx_HAL_Driver/Src/stm32f1xx_hal_uart.o
 *fill*         0x080013aa        0x2 
 .text.UART_SetConfig
                0x080013ac      0x1ac Drivers/STM32F1xx_HAL_Driver/Src/stm32f1xx_hal_uart.o
 .text.UART_WaitOnFlagUntilTimeout
                0x08001558       0x62 Drivers/STM32F1xx_HAL_Driver/Src/stm32f1xx_hal_uart.o
 .text.HAL_UART_Init
                0x080015ba       0x5e Drivers/STM32F1xx_HAL_Driver/Src/stm32f1xx_hal_uart.o
                0x080015ba                HAL_UART_Init
 .text.HAL_UART_Transmit
                0x08001618       0xe0 Drivers/STM32F1xx_HAL_Driver/Src/stm32f1xx_hal_uart.o
                0x08001618                HAL_UART_Transmit
 .text.HAL_UART_Receive
                0x080016f8       0xe4 Drivers/STM32F1xx_HAL_Driver/Src/stm32f1xx_hal_uart.o
                0x080016f8                HAL_UART_Receive
 .text.HAL_UART_Receive_DMA
                0x080017dc       0xa8 Drivers/STM32F1xx_HAL_Driver/Src/stm32f1xx_hal_uart.o
                0x080017dc                HAL_UART_Receive_DMA
 .text.HAL_UART_RxCpltCallback
                0x08001884        0x2 Drivers/STM32F1xx_HAL_Driver/Src/stm32f1xx_hal_uart.o
                0x08001884                HAL_UART_RxCpltCallback
 .text.UART_DMAReceiveCplt
                0x08001886       0x3e Drivers/STM32F1xx_HAL_Driver/Src/stm32f1xx_hal_uart.o
 .text.HAL_UART_RxHalfCpltCallback
                0x080018c4        0x2 Drivers/STM32F1xx_HAL_Driver/Src/stm32f1xx_hal_uart.o
                0x080018c4                HAL_UART_RxHalfCpltCallback
 .text.UART_DMARxHalfCplt
                0x080018c6        0xa Drivers/STM32F1xx_HAL_Driver/Src/stm32f1xx_hal_uart.o
 .text.HAL_UART_ErrorCallback
                0x080018d0        0x2 Drivers/STM32F1xx_HAL_Driver/Src/stm32f1xx_hal_uart.o
                0x080018d0                HAL_UART_ErrorCallback
 .text.UART_DMAError
                0x080018d2       0x58 Drivers/STM32F1xx_HAL_Driver/Src/stm32f1xx_hal_uart.o
 *fill*         0x0800192a        0x2 
 .text.USART_DMA_Init
                0x0800192c       0x30 Src/DMA_USART.o
                0x0800192c                USART_DMA_Init
 .text.DMA_IrqHandler
                0x0800195c       0xb4 Src/DMA_USART.o
                0x0800195c                DMA_IrqHandler
 .text.USART_IrqHandler
                0x08001a10       0x32 Src/DMA_USART.o
                0x08001a10                USART_IrqHandler
 *fill*         0x08001a42        0x2 
 .text.blinkLed1
                0x08001a44       0x10 Src/Interface_Master.o
                0x08001a44                blinkLed1
 .text.canMessageReceived
                0x08001a54       0x30 Src/Interface_Master.o
                0x08001a54                canMessageReceived
 .text.blinkLed2
                0x08001a84       0x10 Src/Interface_Master.o
                0x08001a84                blinkLed2
 .text.blinkLed3
                0x08001a94       0x10 Src/Interface_Master.o
                0x08001a94                blinkLed3
 .text.interfaceInit
                0x08001aa4       0x80 Src/Interface_Master.o
                0x08001aa4                interfaceInit
 .text.timerAtualization
                0x08001b24       0x10 Src/Interface_Master.o
                0x08001b24                timerAtualization
 .text.MX_CAN_Init
                0x08001b34       0x48 Src/can.o
                0x08001b34                MX_CAN_Init
 .text.HAL_CAN_MspInit
                0x08001b7c       0x94 Src/can.o
                0x08001b7c                HAL_CAN_MspInit
 .text.CAN_Config_Filter
                0x08001c10       0x40 Src/can.o
                0x08001c10                CAN_Config_Filter
 .text.CAN_Receive_IT
                0x08001c50       0x20 Src/can.o
                0x08001c50                CAN_Receive_IT
 .text.initRxMes
                0x08001c70       0x22 Src/can.o
                0x08001c70                initRxMes
 *fill*         0x08001c92        0x2 
 .text.CAN_Config_Frames
                0x08001c94       0x34 Src/can.o
                0x08001c94                CAN_Config_Frames
 .text.HAL_CAN_ErrorCallback
                0x08001cc8       0x30 Src/can.o
                0x08001cc8                HAL_CAN_ErrorCallback
 .text.MX_DMA_Init
                0x08001cf8       0x44 Src/dma.o
                0x08001cf8                MX_DMA_Init
 .text.MX_GPIO_Init
                0x08001d3c       0x98 Src/gpio.o
                0x08001d3c                MX_GPIO_Init
 .text.uart3MessageReceived
                0x08001dd4       0x98 Src/lcd_dash.o
                0x08001dd4                uart3MessageReceived
 .text.nextionLoop
                0x08001e6c      0x3b4 Src/lcd_dash.o
                0x08001e6c                nextionLoop
 .text._Error_Handler
                0x08002220        0x2 Src/main.o
                0x08002220                _Error_Handler
 *fill*         0x08002222        0x2 
 .text.SystemClock_Config
                0x08002224       0x84 Src/main.o
                0x08002224                SystemClock_Config
 .text.main     0x080022a8       0x34 Src/main.o
                0x080022a8                main
 .text.sendCommand
                0x080022dc       0x40 Src/nextion.o
                0x080022dc                sendCommand
 .text.recvRetCommandFinished
                0x0800231c       0x54 Src/nextion.o
                0x0800231c                recvRetCommandFinished
 .text.nexInit  0x08002370       0x38 Src/nextion.o
                0x08002370                nexInit
 .text.NexPageShow
                0x080023a8       0x2c Src/nextion.o
                0x080023a8                NexPageShow
 .text.NexTextSetText
                0x080023d4       0x50 Src/nextion.o
                0x080023d4                NexTextSetText
 .text.NexNumberSetValue
                0x08002424       0x30 Src/nextion.o
                0x08002424                NexNumberSetValue
 .text.NexXfloatSetValue
                0x08002454       0x30 Src/nextion.o
                0x08002454                NexXfloatSetValue
 .text.NexProgressBarSetValue
                0x08002484       0x30 Src/nextion.o
                0x08002484                NexProgressBarSetValue
 .text.HAL_MspInit
                0x080024b4       0xa0 Src/stm32f1xx_hal_msp.o
                0x080024b4                HAL_MspInit
 .text.NMI_Handler
                0x08002554        0x2 Src/stm32f1xx_it.o
                0x08002554                NMI_Handler
 .text.HardFault_Handler
                0x08002556        0x2 Src/stm32f1xx_it.o
                0x08002556                HardFault_Handler
 .text.MemManage_Handler
                0x08002558        0x2 Src/stm32f1xx_it.o
                0x08002558                MemManage_Handler
 .text.BusFault_Handler
                0x0800255a        0x2 Src/stm32f1xx_it.o
                0x0800255a                BusFault_Handler
 .text.UsageFault_Handler
                0x0800255c        0x2 Src/stm32f1xx_it.o
                0x0800255c                UsageFault_Handler
 .text.SVC_Handler
                0x0800255e        0x2 Src/stm32f1xx_it.o
                0x0800255e                SVC_Handler
 .text.DebugMon_Handler
                0x08002560        0x2 Src/stm32f1xx_it.o
                0x08002560                DebugMon_Handler
 .text.PendSV_Handler
                0x08002562        0x2 Src/stm32f1xx_it.o
                0x08002562                PendSV_Handler
 .text.SysTick_Handler
                0x08002564        0xc Src/stm32f1xx_it.o
                0x08002564                SysTick_Handler
 .text.DMA1_Channel3_IRQHandler
                0x08002570       0x14 Src/stm32f1xx_it.o
                0x08002570                DMA1_Channel3_IRQHandler
 .text.DMA1_Channel6_IRQHandler
                0x08002584       0x14 Src/stm32f1xx_it.o
                0x08002584                DMA1_Channel6_IRQHandler
 .text.USB_HP_CAN1_TX_IRQHandler
                0x08002598       0x10 Src/stm32f1xx_it.o
                0x08002598                USB_HP_CAN1_TX_IRQHandler
 .text.USB_LP_CAN1_RX0_IRQHandler
                0x080025a8       0x20 Src/stm32f1xx_it.o
                0x080025a8                USB_LP_CAN1_RX0_IRQHandler
 .text.USART2_IRQHandler
                0x080025c8       0x14 Src/stm32f1xx_it.o
                0x080025c8                USART2_IRQHandler
 .text.USART3_IRQHandler
                0x080025dc       0x18 Src/stm32f1xx_it.o
                0x080025dc                USART3_IRQHandler
 .text.SystemInit
                0x080025f4       0x4c Src/system_stm32f1xx.o
                0x080025f4                SystemInit
 .text.xbeePacks
                0x08002640       0xfc Src/telemetry.o
                0x08002640                xbeePacks
 .text.xbeeGeneral
                0x0800273c       0xfc Src/telemetry.o
                0x0800273c                xbeeGeneral
 .text.telemetrySend
                0x08002838       0x30 Src/telemetry.o
                0x08002838                telemetrySend
 .text.MX_USART1_UART_Init
                0x08002868       0x3c Src/usart.o
                0x08002868                MX_USART1_UART_Init
 .text.MX_USART2_UART_Init
                0x080028a4       0x3c Src/usart.o
                0x080028a4                MX_USART2_UART_Init
 .text.MX_USART3_UART_Init
                0x080028e0       0x3c Src/usart.o
                0x080028e0                MX_USART3_UART_Init
 .text.HAL_UART_MspInit
                0x0800291c      0x198 Src/usart.o
                0x0800291c                HAL_UART_MspInit
 .text.xbeeApiModeSend
                0x08002ab4      0x148 Src/xbee.o
                0x08002ab4                xbeeApiModeSend
 .text.xbeeSend
                0x08002bfc       0xf8 Src/xbee.o
                0x08002bfc                xbeeSend
 .text.Reset_Handler
                0x08002cf4       0x48 startup/startup_stm32f103xb.o
                0x08002cf4                Reset_Handler
 .text.Default_Handler
                0x08002d3c        0x2 startup/startup_stm32f103xb.o
                0x08002d3c                RTC_Alarm_IRQHandler
                0x08002d3c                EXTI2_IRQHandler
                0x08002d3c                TIM1_CC_IRQHandler
                0x08002d3c                PVD_IRQHandler
                0x08002d3c                EXTI3_IRQHandler
                0x08002d3c                EXTI0_IRQHandler
                0x08002d3c                I2C2_EV_IRQHandler
                0x08002d3c                ADC1_2_IRQHandler
                0x08002d3c                SPI1_IRQHandler
                0x08002d3c                TAMPER_IRQHandler
                0x08002d3c                DMA1_Channel4_IRQHandler
                0x08002d3c                RTC_IRQHandler
                0x08002d3c                DMA1_Channel7_IRQHandler
                0x08002d3c                CAN1_RX1_IRQHandler
                0x08002d3c                TIM4_IRQHandler
                0x08002d3c                I2C1_EV_IRQHandler
                0x08002d3c                TIM3_IRQHandler
                0x08002d3c                RCC_IRQHandler
                0x08002d3c                TIM1_TRG_COM_IRQHandler
                0x08002d3c                DMA1_Channel1_IRQHandler
                0x08002d3c                Default_Handler
                0x08002d3c                EXTI15_10_IRQHandler
                0x08002d3c                EXTI9_5_IRQHandler
                0x08002d3c                SPI2_IRQHandler
                0x08002d3c                DMA1_Channel5_IRQHandler
                0x08002d3c                EXTI4_IRQHandler
                0x08002d3c                TIM1_UP_IRQHandler
                0x08002d3c                WWDG_IRQHandler
                0x08002d3c                TIM2_IRQHandler
                0x08002d3c                TIM1_BRK_IRQHandler
                0x08002d3c                EXTI1_IRQHandler
                0x08002d3c                I2C2_ER_IRQHandler
                0x08002d3c                DMA1_Channel2_IRQHandler
                0x08002d3c                CAN1_SCE_IRQHandler
                0x08002d3c                FLASH_IRQHandler
                0x08002d3c                USART1_IRQHandler
                0x08002d3c                I2C1_ER_IRQHandler
                0x08002d3c                USBWakeUp_IRQHandler
 *fill*         0x08002d3e        0x2 
 .text.__libc_init_array
                0x08002d40       0x48 c:/ac6/systemworkbench/plugins/fr.ac6.mcu.externaltools.arm-none.win32_1.17.0.201812190825/tools/compiler/bin/../lib/gcc/arm-none-eabi/7.3.1/../../../../arm-none-eabi/lib/thumb/v7-m\libc_nano.a(lib_a-init.o)
                0x08002d40                __libc_init_array
 .text.memcpy   0x08002d88       0x16 c:/ac6/systemworkbench/plugins/fr.ac6.mcu.externaltools.arm-none.win32_1.17.0.201812190825/tools/compiler/bin/../lib/gcc/arm-none-eabi/7.3.1/../../../../arm-none-eabi/lib/thumb/v7-m\libc_nano.a(lib_a-memcpy-stub.o)
                0x08002d88                memcpy
 .text.memset   0x08002d9e       0x10 c:/ac6/systemworkbench/plugins/fr.ac6.mcu.externaltools.arm-none.win32_1.17.0.201812190825/tools/compiler/bin/../lib/gcc/arm-none-eabi/7.3.1/../../../../arm-none-eabi/lib/thumb/v7-m\libc_nano.a(lib_a-memset.o)
                0x08002d9e                memset
 *fill*         0x08002dae        0x2 
 .text.sprintf  0x08002db0       0x40 c:/ac6/systemworkbench/plugins/fr.ac6.mcu.externaltools.arm-none.win32_1.17.0.201812190825/tools/compiler/bin/../lib/gcc/arm-none-eabi/7.3.1/../../../../arm-none-eabi/lib/thumb/v7-m\libc_nano.a(lib_a-sprintf.o)
                0x08002db0                siprintf
                0x08002db0                sprintf
 .text.__ssputs_r
                0x08002df0       0xb4 c:/ac6/systemworkbench/plugins/fr.ac6.mcu.externaltools.arm-none.win32_1.17.0.201812190825/tools/compiler/bin/../lib/gcc/arm-none-eabi/7.3.1/../../../../arm-none-eabi/lib/thumb/v7-m\libc_nano.a(lib_a-nano-svfprintf.o)
                0x08002df0                __ssputs_r
 .text._svfprintf_r
                0x08002ea4      0x1f0 c:/ac6/systemworkbench/plugins/fr.ac6.mcu.externaltools.arm-none.win32_1.17.0.201812190825/tools/compiler/bin/../lib/gcc/arm-none-eabi/7.3.1/../../../../arm-none-eabi/lib/thumb/v7-m\libc_nano.a(lib_a-nano-svfprintf.o)
                0x08002ea4                _svfiprintf_r
                0x08002ea4                _svfprintf_r
 .text._printf_common
                0x08003094       0xec c:/ac6/systemworkbench/plugins/fr.ac6.mcu.externaltools.arm-none.win32_1.17.0.201812190825/tools/compiler/bin/../lib/gcc/arm-none-eabi/7.3.1/../../../../arm-none-eabi/lib/thumb/v7-m\libc_nano.a(lib_a-nano-vfprintf_i.o)
                0x08003094                _printf_common
 .text._printf_i
                0x08003180      0x224 c:/ac6/systemworkbench/plugins/fr.ac6.mcu.externaltools.arm-none.win32_1.17.0.201812190825/tools/compiler/bin/../lib/gcc/arm-none-eabi/7.3.1/../../../../arm-none-eabi/lib/thumb/v7-m\libc_nano.a(lib_a-nano-vfprintf_i.o)
                0x08003180                _printf_i
 .text.memchr   0x080033a4       0x1c c:/ac6/systemworkbench/plugins/fr.ac6.mcu.externaltools.arm-none.win32_1.17.0.201812190825/tools/compiler/bin/../lib/gcc/arm-none-eabi/7.3.1/../../../../arm-none-eabi/lib/thumb/v7-m\libc_nano.a(lib_a-memchr-stub.o)
                0x080033a4                memchr
 .text.memmove  0x080033c0       0x32 c:/ac6/systemworkbench/plugins/fr.ac6.mcu.externaltools.arm-none.win32_1.17.0.201812190825/tools/compiler/bin/../lib/gcc/arm-none-eabi/7.3.1/../../../../arm-none-eabi/lib/thumb/v7-m\libc_nano.a(lib_a-memmove.o)
                0x080033c0                memmove
 *fill*         0x080033f2        0x2 
 .text._free_r  0x080033f4       0x98 c:/ac6/systemworkbench/plugins/fr.ac6.mcu.externaltools.arm-none.win32_1.17.0.201812190825/tools/compiler/bin/../lib/gcc/arm-none-eabi/7.3.1/../../../../arm-none-eabi/lib/thumb/v7-m\libc_nano.a(lib_a-nano-freer.o)
                0x080033f4                _free_r
 .text._malloc_r
                0x0800348c       0xb4 c:/ac6/systemworkbench/plugins/fr.ac6.mcu.externaltools.arm-none.win32_1.17.0.201812190825/tools/compiler/bin/../lib/gcc/arm-none-eabi/7.3.1/../../../../arm-none-eabi/lib/thumb/v7-m\libc_nano.a(lib_a-nano-mallocr.o)
                0x0800348c                _malloc_r
 .text._realloc_r
                0x08003540       0x4c c:/ac6/systemworkbench/plugins/fr.ac6.mcu.externaltools.arm-none.win32_1.17.0.201812190825/tools/compiler/bin/../lib/gcc/arm-none-eabi/7.3.1/../../../../arm-none-eabi/lib/thumb/v7-m\libc_nano.a(lib_a-nano-reallocr.o)
                0x08003540                _realloc_r
 .text._sbrk_r  0x0800358c       0x20 c:/ac6/systemworkbench/plugins/fr.ac6.mcu.externaltools.arm-none.win32_1.17.0.201812190825/tools/compiler/bin/../lib/gcc/arm-none-eabi/7.3.1/../../../../arm-none-eabi/lib/thumb/v7-m\libc_nano.a(lib_a-sbrkr.o)
                0x0800358c                _sbrk_r
 .text.__malloc_lock
                0x080035ac        0x2 c:/ac6/systemworkbench/plugins/fr.ac6.mcu.externaltools.arm-none.win32_1.17.0.201812190825/tools/compiler/bin/../lib/gcc/arm-none-eabi/7.3.1/../../../../arm-none-eabi/lib/thumb/v7-m\libc_nano.a(lib_a-mlock.o)
                0x080035ac                __malloc_lock
 .text.__malloc_unlock
                0x080035ae        0x2 c:/ac6/systemworkbench/plugins/fr.ac6.mcu.externaltools.arm-none.win32_1.17.0.201812190825/tools/compiler/bin/../lib/gcc/arm-none-eabi/7.3.1/../../../../arm-none-eabi/lib/thumb/v7-m\libc_nano.a(lib_a-mlock.o)
                0x080035ae                __malloc_unlock
 .text._malloc_usable_size_r
                0x080035b0       0x10 c:/ac6/systemworkbench/plugins/fr.ac6.mcu.externaltools.arm-none.win32_1.17.0.201812190825/tools/compiler/bin/../lib/gcc/arm-none-eabi/7.3.1/../../../../arm-none-eabi/lib/thumb/v7-m\libc_nano.a(lib_a-nano-msizer.o)
                0x080035b0                _malloc_usable_size_r
 .text._sbrk    0x080035c0       0x1c c:/ac6/systemworkbench/plugins/fr.ac6.mcu.externaltools.arm-none.win32_1.17.0.201812190825/tools/compiler/bin/../lib/gcc/arm-none-eabi/7.3.1/../../../../arm-none-eabi/lib/thumb/v7-m\libnosys.a(sbrk.o)
                0x080035c0                _sbrk
 *(.glue_7)
 .glue_7        0x080035dc        0x0 linker stubs
 *(.glue_7t)
 .glue_7t       0x080035dc        0x0 linker stubs
 *(.eh_frame)
 .eh_frame      0x080035dc        0x0 c:/ac6/systemworkbench/plugins/fr.ac6.mcu.externaltools.arm-none.win32_1.17.0.201812190825/tools/compiler/bin/../lib/gcc/arm-none-eabi/7.3.1/thumb/v7-m/crtbegin.o
 *(.init)
 .init          0x080035dc        0x4 c:/ac6/systemworkbench/plugins/fr.ac6.mcu.externaltools.arm-none.win32_1.17.0.201812190825/tools/compiler/bin/../lib/gcc/arm-none-eabi/7.3.1/thumb/v7-m/crti.o
                0x080035dc                _init
 .init          0x080035e0        0x8 c:/ac6/systemworkbench/plugins/fr.ac6.mcu.externaltools.arm-none.win32_1.17.0.201812190825/tools/compiler/bin/../lib/gcc/arm-none-eabi/7.3.1/thumb/v7-m/crtn.o
 *(.fini)
 .fini          0x080035e8        0x4 c:/ac6/systemworkbench/plugins/fr.ac6.mcu.externaltools.arm-none.win32_1.17.0.201812190825/tools/compiler/bin/../lib/gcc/arm-none-eabi/7.3.1/thumb/v7-m/crti.o
                0x080035e8                _fini
 .fini          0x080035ec        0x8 c:/ac6/systemworkbench/plugins/fr.ac6.mcu.externaltools.arm-none.win32_1.17.0.201812190825/tools/compiler/bin/../lib/gcc/arm-none-eabi/7.3.1/thumb/v7-m/crtn.o
                0x080035f4                . = ALIGN (0x4)
                0x080035f4                _etext = .

.vfp11_veneer   0x080035f4        0x0
 .vfp11_veneer  0x080035f4        0x0 linker stubs

.v4_bx          0x080035f4        0x0
 .v4_bx         0x080035f4        0x0 linker stubs

.iplt           0x080035f4        0x0
 .iplt          0x080035f4        0x0 c:/ac6/systemworkbench/plugins/fr.ac6.mcu.externaltools.arm-none.win32_1.17.0.201812190825/tools/compiler/bin/../lib/gcc/arm-none-eabi/7.3.1/thumb/v7-m/crtbegin.o

.rodata         0x080035f4      0x274
                0x080035f4                . = ALIGN (0x4)
 *(.rodata)
 .rodata        0x080035f4       0x12 Drivers/STM32F1xx_HAL_Driver/Src/stm32f1xx_hal_rcc.o
 *fill*         0x08003606        0x2 
 .rodata        0x08003608       0x18 Src/system_stm32f1xx.o
                0x08003608                AHBPrescTable
                0x08003618                APBPrescTable
 .rodata        0x08003620        0xf Src/xbee.o
 *(.rodata*)
 *fill*         0x0800362f        0x1 
 .rodata.str1.4
                0x08003630        0xd Src/can.o
 *fill*         0x0800363d        0x3 
 .rodata.str1.4
                0x08003640       0x5c Src/lcd_dash.o
 .rodata.str1.4
                0x0800369c        0xe Src/main.o
 *fill*         0x080036aa        0x2 
 .rodata.str1.4
                0x080036ac      0x156 Src/nextion.o
                                0x15a (size before relaxing)
 *fill*         0x08003802        0x2 
 .rodata.str1.4
                0x08003804        0xf Src/usart.o
 *fill*         0x08003813        0x1 
 .rodata.str1.4
                0x08003814       0x20 Src/xbee.o
 .rodata._svfprintf_r.str1.1
                0x08003834       0x11 c:/ac6/systemworkbench/plugins/fr.ac6.mcu.externaltools.arm-none.win32_1.17.0.201812190825/tools/compiler/bin/../lib/gcc/arm-none-eabi/7.3.1/../../../../arm-none-eabi/lib/thumb/v7-m\libc_nano.a(lib_a-nano-svfprintf.o)
 .rodata._printf_i.str1.1
                0x08003845       0x22 c:/ac6/systemworkbench/plugins/fr.ac6.mcu.externaltools.arm-none.win32_1.17.0.201812190825/tools/compiler/bin/../lib/gcc/arm-none-eabi/7.3.1/../../../../arm-none-eabi/lib/thumb/v7-m\libc_nano.a(lib_a-nano-vfprintf_i.o)
                0x08003868                . = ALIGN (0x4)
 *fill*         0x08003867        0x1 

.rel.dyn        0x08003868        0x0
 .rel.iplt      0x08003868        0x0 c:/ac6/systemworkbench/plugins/fr.ac6.mcu.externaltools.arm-none.win32_1.17.0.201812190825/tools/compiler/bin/../lib/gcc/arm-none-eabi/7.3.1/thumb/v7-m/crtbegin.o

.ARM.extab
 *(.ARM.extab* .gnu.linkonce.armextab.*)

.ARM            0x08003868        0x0
                0x08003868                __exidx_start = .
 *(.ARM.exidx*)
                0x08003868                __exidx_end = .

.preinit_array  0x08003868        0x0
                0x08003868                PROVIDE (__preinit_array_start = .)
 *(.preinit_array*)
                0x08003868                PROVIDE (__preinit_array_end = .)

.init_array     0x08003868        0x4
                0x08003868                PROVIDE (__init_array_start = .)
 *(SORT_BY_NAME(.init_array.*))
 *(.init_array*)
 .init_array    0x08003868        0x4 c:/ac6/systemworkbench/plugins/fr.ac6.mcu.externaltools.arm-none.win32_1.17.0.201812190825/tools/compiler/bin/../lib/gcc/arm-none-eabi/7.3.1/thumb/v7-m/crtbegin.o
                0x0800386c                PROVIDE (__init_array_end = .)

.fini_array     0x0800386c        0x4
                [!provide]                PROVIDE (__fini_array_start = .)
 *(SORT_BY_NAME(.fini_array.*))
 *(.fini_array*)
 .fini_array    0x0800386c        0x4 c:/ac6/systemworkbench/plugins/fr.ac6.mcu.externaltools.arm-none.win32_1.17.0.201812190825/tools/compiler/bin/../lib/gcc/arm-none-eabi/7.3.1/thumb/v7-m/crtbegin.o
                [!provide]                PROVIDE (__fini_array_end = .)
                0x08003870                _sidata = LOADADDR (.data)

.data           0x20000000       0x74 load address 0x08003870
                0x20000000                . = ALIGN (0x4)
                0x20000000                _sdata = .
 *(.data)
 .data          0x20000000        0x8 Drivers/STM32F1xx_HAL_Driver/Src/stm32f1xx_hal.o
                0x20000000                uwTickFreq
                0x20000004                uwTickPrio
 .data          0x20000008        0x3 Src/nextion.o
                0x20000008                ENDTERMS
 *fill*         0x2000000b        0x1 
 .data          0x2000000c        0x4 Src/system_stm32f1xx.o
                0x2000000c                SystemCoreClock
 *(.data*)
 .data._impure_ptr
                0x20000010        0x4 c:/ac6/systemworkbench/plugins/fr.ac6.mcu.externaltools.arm-none.win32_1.17.0.201812190825/tools/compiler/bin/../lib/gcc/arm-none-eabi/7.3.1/../../../../arm-none-eabi/lib/thumb/v7-m\libc_nano.a(lib_a-impure.o)
                0x20000010                _impure_ptr
 .data.impure_data
                0x20000014       0x60 c:/ac6/systemworkbench/plugins/fr.ac6.mcu.externaltools.arm-none.win32_1.17.0.201812190825/tools/compiler/bin/../lib/gcc/arm-none-eabi/7.3.1/../../../../arm-none-eabi/lib/thumb/v7-m\libc_nano.a(lib_a-impure.o)
                0x20000074                . = ALIGN (0x4)
                0x20000074                _edata = .

.igot.plt       0x20000074        0x0 load address 0x080038e4
 .igot.plt      0x20000074        0x0 c:/ac6/systemworkbench/plugins/fr.ac6.mcu.externaltools.arm-none.win32_1.17.0.201812190825/tools/compiler/bin/../lib/gcc/arm-none-eabi/7.3.1/thumb/v7-m/crtbegin.o
                0x20000074                . = ALIGN (0x4)

.bss            0x20000074      0xfd4 load address 0x080038e4
                0x20000074                _sbss = .
                0x20000074                __bss_start__ = _sbss
 *(.bss)
 .bss           0x20000074       0x1c c:/ac6/systemworkbench/plugins/fr.ac6.mcu.externaltools.arm-none.win32_1.17.0.201812190825/tools/compiler/bin/../lib/gcc/arm-none-eabi/7.3.1/thumb/v7-m/crtbegin.o
 .bss           0x20000090       0x40 Src/can.o
 .bss           0x200000d0        0x8 Src/lcd_dash.o
                0x200000d0                actual_page
                0x200000d1                previous_page
                0x200000d2                _flag_information_to_send
                0x200000d3                actual_advice
                0x200000d4                a
 .bss           0x200000d8        0x1 Src/xbee.o
                0x200000d8                mode
 *(.bss*)
 *fill*         0x200000d9        0x3 
 .bss.__malloc_free_list
                0x200000dc        0x4 c:/ac6/systemworkbench/plugins/fr.ac6.mcu.externaltools.arm-none.win32_1.17.0.201812190825/tools/compiler/bin/../lib/gcc/arm-none-eabi/7.3.1/../../../../arm-none-eabi/lib/thumb/v7-m\libc_nano.a(lib_a-nano-mallocr.o)
                0x200000dc                __malloc_free_list
 .bss.__malloc_sbrk_start
                0x200000e0        0x4 c:/ac6/systemworkbench/plugins/fr.ac6.mcu.externaltools.arm-none.win32_1.17.0.201812190825/tools/compiler/bin/../lib/gcc/arm-none-eabi/7.3.1/../../../../arm-none-eabi/lib/thumb/v7-m\libc_nano.a(lib_a-nano-mallocr.o)
                0x200000e0                __malloc_sbrk_start
 .bss.heap_end.4102
                0x200000e4        0x4 c:/ac6/systemworkbench/plugins/fr.ac6.mcu.externaltools.arm-none.win32_1.17.0.201812190825/tools/compiler/bin/../lib/gcc/arm-none-eabi/7.3.1/../../../../arm-none-eabi/lib/thumb/v7-m\libnosys.a(sbrk.o)
 *(COMMON)
 COMMON         0x200000e8        0x4 Drivers/STM32F1xx_HAL_Driver/Src/stm32f1xx_hal.o
                0x200000e8                uwTick
 COMMON         0x200000ec      0x200 Src/DMA_USART.o
                0x200000ec                uart_user_message
                0x200001ec                DMA_RX_Buffer
 COMMON         0x200002ec      0xbcc Src/Interface_Master.o
                0x200002ec                can_vector
                0x20000e2c                actualTimer
                0x20000e30                packTimer
                0x20000e38                vet_aux
 COMMON         0x20000eb8       0x44 Src/can.o
                0x20000eb8                hcan
 COMMON         0x20000efc      0x148 Src/usart.o
                0x20000efc                hdma_usart2_rx
                0x20000f40                hdma_usart3_rx
                0x20000f84                huart3
                0x20000fc4                huart1
                0x20001004                huart2
 COMMON         0x20001044        0x4 c:/ac6/systemworkbench/plugins/fr.ac6.mcu.externaltools.arm-none.win32_1.17.0.201812190825/tools/compiler/bin/../lib/gcc/arm-none-eabi/7.3.1/../../../../arm-none-eabi/lib/thumb/v7-m\libc_nano.a(lib_a-reent.o)
                0x20001044                errno
                0x20001048                . = ALIGN (0x4)
                0x20001048                _ebss = .
                0x20001048                __bss_end__ = _ebss

._user_heap_stack
                0x20001048      0x600 load address 0x080038e4
                0x20001048                . = ALIGN (0x8)
                0x20001048                PROVIDE (end = .)
                [!provide]                PROVIDE (_end = .)
                0x20001248                . = (. + _Min_Heap_Size)
 *fill*         0x20001048      0x200 
                0x20001648                . = (. + _Min_Stack_Size)
 *fill*         0x20001248      0x400 
                0x20001648                . = ALIGN (0x8)

/DISCARD/
 libc.a(*)
 libm.a(*)
 libgcc.a(*)

.ARM.attributes
                0x00000000       0x29
 *(.ARM.attributes)
 .ARM.attributes
                0x00000000       0x1d c:/ac6/systemworkbench/plugins/fr.ac6.mcu.externaltools.arm-none.win32_1.17.0.201812190825/tools/compiler/bin/../lib/gcc/arm-none-eabi/7.3.1/thumb/v7-m/crti.o
 .ARM.attributes
                0x0000001d       0x2d c:/ac6/systemworkbench/plugins/fr.ac6.mcu.externaltools.arm-none.win32_1.17.0.201812190825/tools/compiler/bin/../lib/gcc/arm-none-eabi/7.3.1/thumb/v7-m/crtbegin.o
 .ARM.attributes
                0x0000004a       0x33 Drivers/STM32F1xx_HAL_Driver/Src/stm32f1xx_hal.o
 .ARM.attributes
                0x0000007d       0x33 Drivers/STM32F1xx_HAL_Driver/Src/stm32f1xx_hal_can.o
 .ARM.attributes
                0x000000b0       0x33 Drivers/STM32F1xx_HAL_Driver/Src/stm32f1xx_hal_cortex.o
 .ARM.attributes
                0x000000e3       0x33 Drivers/STM32F1xx_HAL_Driver/Src/stm32f1xx_hal_dma.o
 .ARM.attributes
                0x00000116       0x33 Drivers/STM32F1xx_HAL_Driver/Src/stm32f1xx_hal_gpio.o
 .ARM.attributes
                0x00000149       0x33 Drivers/STM32F1xx_HAL_Driver/Src/stm32f1xx_hal_rcc.o
 .ARM.attributes
                0x0000017c       0x33 Drivers/STM32F1xx_HAL_Driver/Src/stm32f1xx_hal_uart.o
 .ARM.attributes
                0x000001af       0x33 Src/DMA_USART.o
 .ARM.attributes
                0x000001e2       0x33 Src/Interface_Master.o
 .ARM.attributes
                0x00000215       0x33 Src/can.o
 .ARM.attributes
                0x00000248       0x33 Src/dma.o
 .ARM.attributes
                0x0000027b       0x33 Src/gpio.o
 .ARM.attributes
                0x000002ae       0x33 Src/lcd_dash.o
 .ARM.attributes
                0x000002e1       0x33 Src/main.o
 .ARM.attributes
                0x00000314       0x33 Src/nextion.o
 .ARM.attributes
                0x00000347       0x33 Src/stm32f1xx_hal_msp.o
 .ARM.attributes
                0x0000037a       0x33 Src/stm32f1xx_it.o
 .ARM.attributes
                0x000003ad       0x33 Src/system_stm32f1xx.o
 .ARM.attributes
                0x000003e0       0x33 Src/telemetry.o
 .ARM.attributes
                0x00000413       0x33 Src/usart.o
 .ARM.attributes
                0x00000446       0x33 Src/xbee.o
 .ARM.attributes
                0x00000479       0x21 startup/startup_stm32f103xb.o
 .ARM.attributes
                0x0000049a       0x2d c:/ac6/systemworkbench/plugins/fr.ac6.mcu.externaltools.arm-none.win32_1.17.0.201812190825/tools/compiler/bin/../lib/gcc/arm-none-eabi/7.3.1/../../../../arm-none-eabi/lib/thumb/v7-m\libc_nano.a(lib_a-impure.o)
 .ARM.attributes
                0x000004c7       0x2d c:/ac6/systemworkbench/plugins/fr.ac6.mcu.externaltools.arm-none.win32_1.17.0.201812190825/tools/compiler/bin/../lib/gcc/arm-none-eabi/7.3.1/../../../../arm-none-eabi/lib/thumb/v7-m\libc_nano.a(lib_a-init.o)
 .ARM.attributes
                0x000004f4       0x2d c:/ac6/systemworkbench/plugins/fr.ac6.mcu.externaltools.arm-none.win32_1.17.0.201812190825/tools/compiler/bin/../lib/gcc/arm-none-eabi/7.3.1/../../../../arm-none-eabi/lib/thumb/v7-m\libc_nano.a(lib_a-memcpy-stub.o)
 .ARM.attributes
                0x00000521       0x2d c:/ac6/systemworkbench/plugins/fr.ac6.mcu.externaltools.arm-none.win32_1.17.0.201812190825/tools/compiler/bin/../lib/gcc/arm-none-eabi/7.3.1/../../../../arm-none-eabi/lib/thumb/v7-m\libc_nano.a(lib_a-memset.o)
 .ARM.attributes
                0x0000054e       0x2d c:/ac6/systemworkbench/plugins/fr.ac6.mcu.externaltools.arm-none.win32_1.17.0.201812190825/tools/compiler/bin/../lib/gcc/arm-none-eabi/7.3.1/../../../../arm-none-eabi/lib/thumb/v7-m\libc_nano.a(lib_a-sprintf.o)
 .ARM.attributes
                0x0000057b       0x17 c:/ac6/systemworkbench/plugins/fr.ac6.mcu.externaltools.arm-none.win32_1.17.0.201812190825/tools/compiler/bin/../lib/gcc/arm-none-eabi/7.3.1/../../../../arm-none-eabi/lib/thumb/v7-m\libc_nano.a(lib_a-strlen.o)
 .ARM.attributes
                0x00000592       0x2d c:/ac6/systemworkbench/plugins/fr.ac6.mcu.externaltools.arm-none.win32_1.17.0.201812190825/tools/compiler/bin/../lib/gcc/arm-none-eabi/7.3.1/../../../../arm-none-eabi/lib/thumb/v7-m\libc_nano.a(lib_a-nano-svfprintf.o)
 .ARM.attributes
                0x000005bf       0x2d c:/ac6/systemworkbench/plugins/fr.ac6.mcu.externaltools.arm-none.win32_1.17.0.201812190825/tools/compiler/bin/../lib/gcc/arm-none-eabi/7.3.1/../../../../arm-none-eabi/lib/thumb/v7-m\libc_nano.a(lib_a-nano-vfprintf_i.o)
 .ARM.attributes
                0x000005ec       0x2d c:/ac6/systemworkbench/plugins/fr.ac6.mcu.externaltools.arm-none.win32_1.17.0.201812190825/tools/compiler/bin/../lib/gcc/arm-none-eabi/7.3.1/../../../../arm-none-eabi/lib/thumb/v7-m\libc_nano.a(lib_a-memchr-stub.o)
 .ARM.attributes
                0x00000619       0x2d c:/ac6/systemworkbench/plugins/fr.ac6.mcu.externaltools.arm-none.win32_1.17.0.201812190825/tools/compiler/bin/../lib/gcc/arm-none-eabi/7.3.1/../../../../arm-none-eabi/lib/thumb/v7-m\libc_nano.a(lib_a-memmove.o)
 .ARM.attributes
                0x00000646       0x2d c:/ac6/systemworkbench/plugins/fr.ac6.mcu.externaltools.arm-none.win32_1.17.0.201812190825/tools/compiler/bin/../lib/gcc/arm-none-eabi/7.3.1/../../../../arm-none-eabi/lib/thumb/v7-m\libc_nano.a(lib_a-nano-freer.o)
 .ARM.attributes
                0x00000673       0x2d c:/ac6/systemworkbench/plugins/fr.ac6.mcu.externaltools.arm-none.win32_1.17.0.201812190825/tools/compiler/bin/../lib/gcc/arm-none-eabi/7.3.1/../../../../arm-none-eabi/lib/thumb/v7-m\libc_nano.a(lib_a-nano-mallocr.o)
 .ARM.attributes
                0x000006a0       0x2d c:/ac6/systemworkbench/plugins/fr.ac6.mcu.externaltools.arm-none.win32_1.17.0.201812190825/tools/compiler/bin/../lib/gcc/arm-none-eabi/7.3.1/../../../../arm-none-eabi/lib/thumb/v7-m\libc_nano.a(lib_a-nano-reallocr.o)
 .ARM.attributes
                0x000006cd       0x2d c:/ac6/systemworkbench/plugins/fr.ac6.mcu.externaltools.arm-none.win32_1.17.0.201812190825/tools/compiler/bin/../lib/gcc/arm-none-eabi/7.3.1/../../../../arm-none-eabi/lib/thumb/v7-m\libc_nano.a(lib_a-sbrkr.o)
 .ARM.attributes
                0x000006fa       0x2d c:/ac6/systemworkbench/plugins/fr.ac6.mcu.externaltools.arm-none.win32_1.17.0.201812190825/tools/compiler/bin/../lib/gcc/arm-none-eabi/7.3.1/../../../../arm-none-eabi/lib/thumb/v7-m\libc_nano.a(lib_a-mlock.o)
 .ARM.attributes
                0x00000727       0x2d c:/ac6/systemworkbench/plugins/fr.ac6.mcu.externaltools.arm-none.win32_1.17.0.201812190825/tools/compiler/bin/../lib/gcc/arm-none-eabi/7.3.1/../../../../arm-none-eabi/lib/thumb/v7-m\libc_nano.a(lib_a-nano-msizer.o)
 .ARM.attributes
                0x00000754       0x2d c:/ac6/systemworkbench/plugins/fr.ac6.mcu.externaltools.arm-none.win32_1.17.0.201812190825/tools/compiler/bin/../lib/gcc/arm-none-eabi/7.3.1/../../../../arm-none-eabi/lib/thumb/v7-m\libc_nano.a(lib_a-reent.o)
 .ARM.attributes
                0x00000781       0x2d c:/ac6/systemworkbench/plugins/fr.ac6.mcu.externaltools.arm-none.win32_1.17.0.201812190825/tools/compiler/bin/../lib/gcc/arm-none-eabi/7.3.1/../../../../arm-none-eabi/lib/thumb/v7-m\libnosys.a(sbrk.o)
 .ARM.attributes
                0x000007ae       0x1d c:/ac6/systemworkbench/plugins/fr.ac6.mcu.externaltools.arm-none.win32_1.17.0.201812190825/tools/compiler/bin/../lib/gcc/arm-none-eabi/7.3.1/thumb/v7-m/crtn.o
OUTPUT(Interface_Master.elf elf32-littlearm)

.debug_info     0x00000000    0x19f91
 .debug_info    0x00000000      0xfa6 Drivers/STM32F1xx_HAL_Driver/Src/stm32f1xx_hal.o
 .debug_info    0x00000fa6     0x149a Drivers/STM32F1xx_HAL_Driver/Src/stm32f1xx_hal_can.o
 .debug_info    0x00002440     0x1475 Drivers/STM32F1xx_HAL_Driver/Src/stm32f1xx_hal_cortex.o
 .debug_info    0x000038b5     0x1014 Drivers/STM32F1xx_HAL_Driver/Src/stm32f1xx_hal_dma.o
 .debug_info    0x000048c9      0xe87 Drivers/STM32F1xx_HAL_Driver/Src/stm32f1xx_hal_gpio.o
 .debug_info    0x00005750     0x11ef Drivers/STM32F1xx_HAL_Driver/Src/stm32f1xx_hal_rcc.o
 .debug_info    0x0000693f     0x1e7b Drivers/STM32F1xx_HAL_Driver/Src/stm32f1xx_hal_uart.o
 .debug_info    0x000087ba      0xf51 Src/DMA_USART.o
 .debug_info    0x0000970b     0x1688 Src/Interface_Master.o
 .debug_info    0x0000ad93     0x1629 Src/can.o
 .debug_info    0x0000c3bc      0xbc4 Src/dma.o
 .debug_info    0x0000cf80      0xbba Src/gpio.o
 .debug_info    0x0000db3a     0x1d49 Src/lcd_dash.o
 .debug_info    0x0000f883     0x1bd0 Src/main.o
 .debug_info    0x00011453     0x2030 Src/nextion.o
 .debug_info    0x00013483      0xcec Src/stm32f1xx_hal_msp.o
 .debug_info    0x0001416f     0x142f Src/stm32f1xx_it.o
 .debug_info    0x0001559e      0xc15 Src/system_stm32f1xx.o
 .debug_info    0x000161b3     0x16ed Src/telemetry.o
 .debug_info    0x000178a0     0x14df Src/usart.o
 .debug_info    0x00018d7f     0x11f0 Src/xbee.o
 .debug_info    0x00019f6f       0x22 startup/startup_stm32f103xb.o

.debug_abbrev   0x00000000     0x397d
 .debug_abbrev  0x00000000      0x2f4 Drivers/STM32F1xx_HAL_Driver/Src/stm32f1xx_hal.o
 .debug_abbrev  0x000002f4      0x2de Drivers/STM32F1xx_HAL_Driver/Src/stm32f1xx_hal_can.o
 .debug_abbrev  0x000005d2      0x3cd Drivers/STM32F1xx_HAL_Driver/Src/stm32f1xx_hal_cortex.o
 .debug_abbrev  0x0000099f      0x2e5 Drivers/STM32F1xx_HAL_Driver/Src/stm32f1xx_hal_dma.o
 .debug_abbrev  0x00000c84      0x2a7 Drivers/STM32F1xx_HAL_Driver/Src/stm32f1xx_hal_gpio.o
 .debug_abbrev  0x00000f2b      0x335 Drivers/STM32F1xx_HAL_Driver/Src/stm32f1xx_hal_rcc.o
 .debug_abbrev  0x00001260      0x308 Drivers/STM32F1xx_HAL_Driver/Src/stm32f1xx_hal_uart.o
 .debug_abbrev  0x00001568      0x283 Src/DMA_USART.o
 .debug_abbrev  0x000017eb      0x2f2 Src/Interface_Master.o
 .debug_abbrev  0x00001add      0x2d5 Src/can.o
 .debug_abbrev  0x00001db2      0x234 Src/dma.o
 .debug_abbrev  0x00001fe6      0x22b Src/gpio.o
 .debug_abbrev  0x00002211      0x297 Src/lcd_dash.o
 .debug_abbrev  0x000024a8      0x29d Src/main.o
 .debug_abbrev  0x00002745      0x339 Src/nextion.o
 .debug_abbrev  0x00002a7e      0x234 Src/stm32f1xx_hal_msp.o
 .debug_abbrev  0x00002cb2      0x270 Src/stm32f1xx_it.o
 .debug_abbrev  0x00002f22      0x228 Src/system_stm32f1xx.o
 .debug_abbrev  0x0000314a      0x2de Src/telemetry.o
 .debug_abbrev  0x00003428      0x28c Src/usart.o
 .debug_abbrev  0x000036b4      0x2b7 Src/xbee.o
 .debug_abbrev  0x0000396b       0x12 startup/startup_stm32f103xb.o

.debug_loc      0x00000000     0x4d57
 .debug_loc     0x00000000       0xfd Drivers/STM32F1xx_HAL_Driver/Src/stm32f1xx_hal.o
 .debug_loc     0x000000fd      0xdce Drivers/STM32F1xx_HAL_Driver/Src/stm32f1xx_hal_can.o
 .debug_loc     0x00000ecb      0x5ad Drivers/STM32F1xx_HAL_Driver/Src/stm32f1xx_hal_cortex.o
 .debug_loc     0x00001478      0x7aa Drivers/STM32F1xx_HAL_Driver/Src/stm32f1xx_hal_dma.o
 .debug_loc     0x00001c22      0x44e Drivers/STM32F1xx_HAL_Driver/Src/stm32f1xx_hal_gpio.o
 .debug_loc     0x00002070      0x4f6 Drivers/STM32F1xx_HAL_Driver/Src/stm32f1xx_hal_rcc.o
 .debug_loc     0x00002566     0x1529 Drivers/STM32F1xx_HAL_Driver/Src/stm32f1xx_hal_uart.o
 .debug_loc     0x00003a8f      0x134 Src/DMA_USART.o
 .debug_loc     0x00003bc3       0xc2 Src/Interface_Master.o
 .debug_loc     0x00003c85      0x13e Src/can.o
 .debug_loc     0x00003dc3      0xa98 Src/nextion.o
 .debug_loc     0x0000485b       0xdf Src/system_stm32f1xx.o
 .debug_loc     0x0000493a      0x248 Src/telemetry.o
 .debug_loc     0x00004b82       0xf0 Src/usart.o
 .debug_loc     0x00004c72       0xe5 Src/xbee.o

.debug_aranges  0x00000000      0x988
 .debug_aranges
                0x00000000       0xd0 Drivers/STM32F1xx_HAL_Driver/Src/stm32f1xx_hal.o
 .debug_aranges
                0x000000d0       0xb0 Drivers/STM32F1xx_HAL_Driver/Src/stm32f1xx_hal_can.o
 .debug_aranges
                0x00000180       0x90 Drivers/STM32F1xx_HAL_Driver/Src/stm32f1xx_hal_cortex.o
 .debug_aranges
                0x00000210       0x80 Drivers/STM32F1xx_HAL_Driver/Src/stm32f1xx_hal_dma.o
 .debug_aranges
                0x00000290       0x58 Drivers/STM32F1xx_HAL_Driver/Src/stm32f1xx_hal_gpio.o
 .debug_aranges
                0x000002e8       0x90 Drivers/STM32F1xx_HAL_Driver/Src/stm32f1xx_hal_rcc.o
 .debug_aranges
                0x00000378      0x1d0 Drivers/STM32F1xx_HAL_Driver/Src/stm32f1xx_hal_uart.o
 .debug_aranges
                0x00000548       0x30 Src/DMA_USART.o
 .debug_aranges
                0x00000578       0x58 Src/Interface_Master.o
 .debug_aranges
                0x000005d0       0x60 Src/can.o
 .debug_aranges
                0x00000630       0x20 Src/dma.o
 .debug_aranges
                0x00000650       0x20 Src/gpio.o
 .debug_aranges
                0x00000670       0x30 Src/lcd_dash.o
 .debug_aranges
                0x000006a0       0x30 Src/main.o
 .debug_aranges
                0x000006d0      0x108 Src/nextion.o
 .debug_aranges
                0x000007d8       0x20 Src/stm32f1xx_hal_msp.o
 .debug_aranges
                0x000007f8       0x90 Src/stm32f1xx_it.o
 .debug_aranges
                0x00000888       0x28 Src/system_stm32f1xx.o
 .debug_aranges
                0x000008b0       0x48 Src/telemetry.o
 .debug_aranges
                0x000008f8       0x40 Src/usart.o
 .debug_aranges
                0x00000938       0x28 Src/xbee.o
 .debug_aranges
                0x00000960       0x28 startup/startup_stm32f103xb.o

.debug_ranges   0x00000000      0x8c8
 .debug_ranges  0x00000000       0xc0 Drivers/STM32F1xx_HAL_Driver/Src/stm32f1xx_hal.o
 .debug_ranges  0x000000c0       0xa0 Drivers/STM32F1xx_HAL_Driver/Src/stm32f1xx_hal_can.o
 .debug_ranges  0x00000160       0xe0 Drivers/STM32F1xx_HAL_Driver/Src/stm32f1xx_hal_cortex.o
 .debug_ranges  0x00000240       0x70 Drivers/STM32F1xx_HAL_Driver/Src/stm32f1xx_hal_dma.o
 .debug_ranges  0x000002b0       0x48 Drivers/STM32F1xx_HAL_Driver/Src/stm32f1xx_hal_gpio.o
 .debug_ranges  0x000002f8       0xa0 Drivers/STM32F1xx_HAL_Driver/Src/stm32f1xx_hal_rcc.o
 .debug_ranges  0x00000398      0x1c0 Drivers/STM32F1xx_HAL_Driver/Src/stm32f1xx_hal_uart.o
 .debug_ranges  0x00000558       0x20 Src/DMA_USART.o
 .debug_ranges  0x00000578       0x48 Src/Interface_Master.o
 .debug_ranges  0x000005c0       0x50 Src/can.o
 .debug_ranges  0x00000610       0x10 Src/dma.o
 .debug_ranges  0x00000620       0x10 Src/gpio.o
 .debug_ranges  0x00000630       0x20 Src/lcd_dash.o
 .debug_ranges  0x00000650       0x20 Src/main.o
 .debug_ranges  0x00000670       0xf8 Src/nextion.o
 .debug_ranges  0x00000768       0x10 Src/stm32f1xx_hal_msp.o
 .debug_ranges  0x00000778       0x80 Src/stm32f1xx_it.o
 .debug_ranges  0x000007f8       0x18 Src/system_stm32f1xx.o
 .debug_ranges  0x00000810       0x50 Src/telemetry.o
 .debug_ranges  0x00000860       0x30 Src/usart.o
 .debug_ranges  0x00000890       0x18 Src/xbee.o
 .debug_ranges  0x000008a8       0x20 startup/startup_stm32f103xb.o

.debug_macro    0x00000000    0x17d99
 .debug_macro   0x00000000      0x33a Drivers/STM32F1xx_HAL_Driver/Src/stm32f1xx_hal.o
 .debug_macro   0x0000033a      0xa60 Drivers/STM32F1xx_HAL_Driver/Src/stm32f1xx_hal.o
 .debug_macro   0x00000d9a       0x5e Drivers/STM32F1xx_HAL_Driver/Src/stm32f1xx_hal.o
 .debug_macro   0x00000df8      0x17b Drivers/STM32F1xx_HAL_Driver/Src/stm32f1xx_hal.o
 .debug_macro   0x00000f73       0x2e Drivers/STM32F1xx_HAL_Driver/Src/stm32f1xx_hal.o
 .debug_macro   0x00000fa1       0x22 Drivers/STM32F1xx_HAL_Driver/Src/stm32f1xx_hal.o
 .debug_macro   0x00000fc3       0x22 Drivers/STM32F1xx_HAL_Driver/Src/stm32f1xx_hal.o
 .debug_macro   0x00000fe5       0x8e Drivers/STM32F1xx_HAL_Driver/Src/stm32f1xx_hal.o
 .debug_macro   0x00001073       0x51 Drivers/STM32F1xx_HAL_Driver/Src/stm32f1xx_hal.o
 .debug_macro   0x000010c4       0xef Drivers/STM32F1xx_HAL_Driver/Src/stm32f1xx_hal.o
 .debug_macro   0x000011b3       0x6a Drivers/STM32F1xx_HAL_Driver/Src/stm32f1xx_hal.o
 .debug_macro   0x0000121d      0x1df Drivers/STM32F1xx_HAL_Driver/Src/stm32f1xx_hal.o
 .debug_macro   0x000013fc       0x34 Drivers/STM32F1xx_HAL_Driver/Src/stm32f1xx_hal.o
 .debug_macro   0x00001430       0x34 Drivers/STM32F1xx_HAL_Driver/Src/stm32f1xx_hal.o
 .debug_macro   0x00001464      0xb8e Drivers/STM32F1xx_HAL_Driver/Src/stm32f1xx_hal.o
 .debug_macro   0x00001ff2     0xe90a Drivers/STM32F1xx_HAL_Driver/Src/stm32f1xx_hal.o
 .debug_macro   0x000108fc       0x43 Drivers/STM32F1xx_HAL_Driver/Src/stm32f1xx_hal.o
 .debug_macro   0x0001093f       0x5e Drivers/STM32F1xx_HAL_Driver/Src/stm32f1xx_hal.o
 .debug_macro   0x0001099d       0x18 Drivers/STM32F1xx_HAL_Driver/Src/stm32f1xx_hal.o
 .debug_macro   0x000109b5       0x35 Drivers/STM32F1xx_HAL_Driver/Src/stm32f1xx_hal.o
 .debug_macro   0x000109ea       0x34 Drivers/STM32F1xx_HAL_Driver/Src/stm32f1xx_hal.o
 .debug_macro   0x00010a1e       0x16 Drivers/STM32F1xx_HAL_Driver/Src/stm32f1xx_hal.o
 .debug_macro   0x00010a34       0x97 Drivers/STM32F1xx_HAL_Driver/Src/stm32f1xx_hal.o
 .debug_macro   0x00010acb      0x330 Drivers/STM32F1xx_HAL_Driver/Src/stm32f1xx_hal.o
 .debug_macro   0x00010dfb       0xfd Drivers/STM32F1xx_HAL_Driver/Src/stm32f1xx_hal.o
 .debug_macro   0x00010ef8       0x10 Drivers/STM32F1xx_HAL_Driver/Src/stm32f1xx_hal.o
 .debug_macro   0x00010f08       0x58 Drivers/STM32F1xx_HAL_Driver/Src/stm32f1xx_hal.o
 .debug_macro   0x00010f60       0x1f Drivers/STM32F1xx_HAL_Driver/Src/stm32f1xx_hal.o
 .debug_macro   0x00010f7f       0x43 Drivers/STM32F1xx_HAL_Driver/Src/stm32f1xx_hal.o
 .debug_macro   0x00010fc2       0x20 Drivers/STM32F1xx_HAL_Driver/Src/stm32f1xx_hal.o
 .debug_macro   0x00010fe2      0x18e Drivers/STM32F1xx_HAL_Driver/Src/stm32f1xx_hal.o
 .debug_macro   0x00011170       0x10 Drivers/STM32F1xx_HAL_Driver/Src/stm32f1xx_hal.o
 .debug_macro   0x00011180       0x1c Drivers/STM32F1xx_HAL_Driver/Src/stm32f1xx_hal.o
 .debug_macro   0x0001119c       0x52 Drivers/STM32F1xx_HAL_Driver/Src/stm32f1xx_hal.o
 .debug_macro   0x000111ee       0x40 Drivers/STM32F1xx_HAL_Driver/Src/stm32f1xx_hal.o
 .debug_macro   0x0001122e       0x10 Drivers/STM32F1xx_HAL_Driver/Src/stm32f1xx_hal.o
 .debug_macro   0x0001123e       0x40 Drivers/STM32F1xx_HAL_Driver/Src/stm32f1xx_hal.o
 .debug_macro   0x0001127e       0xd7 Drivers/STM32F1xx_HAL_Driver/Src/stm32f1xx_hal.o
 .debug_macro   0x00011355       0x1c Drivers/STM32F1xx_HAL_Driver/Src/stm32f1xx_hal.o
 .debug_macro   0x00011371       0x3d Drivers/STM32F1xx_HAL_Driver/Src/stm32f1xx_hal.o
 .debug_macro   0x000113ae       0x16 Drivers/STM32F1xx_HAL_Driver/Src/stm32f1xx_hal.o
 .debug_macro   0x000113c4      0x16f Drivers/STM32F1xx_HAL_Driver/Src/stm32f1xx_hal.o
 .debug_macro   0x00011533       0x50 Drivers/STM32F1xx_HAL_Driver/Src/stm32f1xx_hal.o
 .debug_macro   0x00011583      0x5c2 Drivers/STM32F1xx_HAL_Driver/Src/stm32f1xx_hal.o
 .debug_macro   0x00011b45      0x28a Drivers/STM32F1xx_HAL_Driver/Src/stm32f1xx_hal.o
 .debug_macro   0x00011dcf      0x1cb Drivers/STM32F1xx_HAL_Driver/Src/stm32f1xx_hal.o
 .debug_macro   0x00011f9a      0x11e Drivers/STM32F1xx_HAL_Driver/Src/stm32f1xx_hal.o
 .debug_macro   0x000120b8      0x1b3 Drivers/STM32F1xx_HAL_Driver/Src/stm32f1xx_hal.o
 .debug_macro   0x0001226b       0x27 Drivers/STM32F1xx_HAL_Driver/Src/stm32f1xx_hal.o
 .debug_macro   0x00012292      0x1bc Drivers/STM32F1xx_HAL_Driver/Src/stm32f1xx_hal.o
 .debug_macro   0x0001244e       0x34 Drivers/STM32F1xx_HAL_Driver/Src/stm32f1xx_hal.o
 .debug_macro   0x00012482       0x3c Drivers/STM32F1xx_HAL_Driver/Src/stm32f1xx_hal.o
 .debug_macro   0x000124be      0x3a6 Drivers/STM32F1xx_HAL_Driver/Src/stm32f1xx_hal.o
 .debug_macro   0x00012864       0x10 Drivers/STM32F1xx_HAL_Driver/Src/stm32f1xx_hal.o
 .debug_macro   0x00012874       0x74 Drivers/STM32F1xx_HAL_Driver/Src/stm32f1xx_hal.o
 .debug_macro   0x000128e8       0x57 Drivers/STM32F1xx_HAL_Driver/Src/stm32f1xx_hal.o
 .debug_macro   0x0001293f       0x8c Drivers/STM32F1xx_HAL_Driver/Src/stm32f1xx_hal.o
 .debug_macro   0x000129cb      0x242 Drivers/STM32F1xx_HAL_Driver/Src/stm32f1xx_hal.o
 .debug_macro   0x00012c0d      0x143 Drivers/STM32F1xx_HAL_Driver/Src/stm32f1xx_hal.o
 .debug_macro   0x00012d50      0x1f4 Drivers/STM32F1xx_HAL_Driver/Src/stm32f1xx_hal.o
 .debug_macro   0x00012f44      0x84c Drivers/STM32F1xx_HAL_Driver/Src/stm32f1xx_hal.o
 .debug_macro   0x00013790       0x1f Drivers/STM32F1xx_HAL_Driver/Src/stm32f1xx_hal.o
 .debug_macro   0x000137af      0x26b Drivers/STM32F1xx_HAL_Driver/Src/stm32f1xx_hal.o
 .debug_macro   0x00013a1a       0x83 Drivers/STM32F1xx_HAL_Driver/Src/stm32f1xx_hal.o
 .debug_macro   0x00013a9d      0x31d Drivers/STM32F1xx_HAL_Driver/Src/stm32f1xx_hal_can.o
 .debug_macro   0x00013dba      0x316 Drivers/STM32F1xx_HAL_Driver/Src/stm32f1xx_hal_cortex.o
 .debug_macro   0x000140d0      0x316 Drivers/STM32F1xx_HAL_Driver/Src/stm32f1xx_hal_dma.o
 .debug_macro   0x000143e6      0x386 Drivers/STM32F1xx_HAL_Driver/Src/stm32f1xx_hal_gpio.o
 .debug_macro   0x0001476c      0x328 Drivers/STM32F1xx_HAL_Driver/Src/stm32f1xx_hal_rcc.o
 .debug_macro   0x00014a94      0x317 Drivers/STM32F1xx_HAL_Driver/Src/stm32f1xx_hal_uart.o
 .debug_macro   0x00014dab      0x351 Src/DMA_USART.o
 .debug_macro   0x000150fc       0x16 Src/DMA_USART.o
 .debug_macro   0x00015112       0x35 Src/DMA_USART.o
 .debug_macro   0x00015147      0x390 Src/Interface_Master.o
 .debug_macro   0x000154d7       0x4c Src/Interface_Master.o
 .debug_macro   0x00015523       0x10 Src/Interface_Master.o
 .debug_macro   0x00015533       0x10 Src/Interface_Master.o
 .debug_macro   0x00015543      0x330 Src/can.o
 .debug_macro   0x00015873      0x320 Src/dma.o
 .debug_macro   0x00015b93      0x320 Src/gpio.o
 .debug_macro   0x00015eb3      0x39a Src/lcd_dash.o
 .debug_macro   0x0001624d      0x3d8 Src/main.o
 .debug_macro   0x00016625      0x3a7 Src/nextion.o
 .debug_macro   0x000169cc      0x316 Src/stm32f1xx_hal_msp.o
 .debug_macro   0x00016ce2      0x320 Src/stm32f1xx_it.o
 .debug_macro   0x00017002      0x31c Src/system_stm32f1xx.o
 .debug_macro   0x0001731e      0x39a Src/telemetry.o
 .debug_macro   0x000176b8      0x334 Src/usart.o
 .debug_macro   0x000179ec      0x355 Src/xbee.o
 .debug_macro   0x00017d41       0x58 Src/xbee.o

.debug_line     0x00000000     0xc741
 .debug_line    0x00000000      0x94a Drivers/STM32F1xx_HAL_Driver/Src/stm32f1xx_hal.o
 .debug_line    0x0000094a      0xd5e Drivers/STM32F1xx_HAL_Driver/Src/stm32f1xx_hal_can.o
 .debug_line    0x000016a8      0x962 Drivers/STM32F1xx_HAL_Driver/Src/stm32f1xx_hal_cortex.o
 .debug_line    0x0000200a      0xb15 Drivers/STM32F1xx_HAL_Driver/Src/stm32f1xx_hal_dma.o
 .debug_line    0x00002b1f      0x947 Drivers/STM32F1xx_HAL_Driver/Src/stm32f1xx_hal_gpio.o
 .debug_line    0x00003466      0xa64 Drivers/STM32F1xx_HAL_Driver/Src/stm32f1xx_hal_rcc.o
 .debug_line    0x00003eca     0x107b Drivers/STM32F1xx_HAL_Driver/Src/stm32f1xx_hal_uart.o
 .debug_line    0x00004f45      0x835 Src/DMA_USART.o
 .debug_line    0x0000577a      0x8c9 Src/Interface_Master.o
 .debug_line    0x00006043      0x888 Src/can.o
 .debug_line    0x000068cb      0x787 Src/dma.o
 .debug_line    0x00007052      0x793 Src/gpio.o
 .debug_line    0x000077e5      0x9b3 Src/lcd_dash.o
 .debug_line    0x00008198      0x891 Src/main.o
 .debug_line    0x00008a29      0xab2 Src/nextion.o
 .debug_line    0x000094db      0x792 Src/stm32f1xx_hal_msp.o
 .debug_line    0x00009c6d      0x889 Src/stm32f1xx_it.o
 .debug_line    0x0000a4f6      0x7c7 Src/system_stm32f1xx.o
 .debug_line    0x0000acbd      0x961 Src/telemetry.o
 .debug_line    0x0000b61e      0x863 Src/usart.o
 .debug_line    0x0000be81      0x843 Src/xbee.o
 .debug_line    0x0000c6c4       0x7d startup/startup_stm32f103xb.o

.debug_str      0x00000000    0x75224
 .debug_str     0x00000000    0x726e9 Drivers/STM32F1xx_HAL_Driver/Src/stm32f1xx_hal.o
                              0x72a6f (size before relaxing)
 .debug_str     0x000726e9      0x561 Drivers/STM32F1xx_HAL_Driver/Src/stm32f1xx_hal_can.o
                              0x728c0 (size before relaxing)
 .debug_str     0x00072c4a      0x2af Drivers/STM32F1xx_HAL_Driver/Src/stm32f1xx_hal_cortex.o
                              0x729c4 (size before relaxing)
 .debug_str     0x00072ef9      0x3b0 Drivers/STM32F1xx_HAL_Driver/Src/stm32f1xx_hal_dma.o
                              0x72728 (size before relaxing)
 .debug_str     0x000732a9      0x3ab Drivers/STM32F1xx_HAL_Driver/Src/stm32f1xx_hal_gpio.o
                              0x7270b (size before relaxing)
 .debug_str     0x00073654      0x368 Drivers/STM32F1xx_HAL_Driver/Src/stm32f1xx_hal_rcc.o
                              0x72760 (size before relaxing)
 .debug_str     0x000739bc      0x6e2 Drivers/STM32F1xx_HAL_Driver/Src/stm32f1xx_hal_uart.o
                              0x72c79 (size before relaxing)
 .debug_str     0x0007409e       0xf0 Src/DMA_USART.o
                              0x72754 (size before relaxing)
 .debug_str     0x0007418e      0x2be Src/Interface_Master.o
                              0x72cc3 (size before relaxing)
 .debug_str     0x0007444c       0x94 Src/can.o
                              0x72be6 (size before relaxing)
 .debug_str     0x000744e0       0x22 Src/dma.o
                              0x7260f (size before relaxing)
 .debug_str     0x00074502       0x1b Src/gpio.o
                              0x723ad (size before relaxing)
 .debug_str     0x0007451d      0x161 Src/lcd_dash.o
                              0x72c8b (size before relaxing)
 .debug_str     0x0007467e      0x3c4 Src/main.o
                              0x733b1 (size before relaxing)
 .debug_str     0x00074a42      0x452 Src/nextion.o
                              0x72b8b (size before relaxing)
 .debug_str     0x00074e94       0x1b Src/stm32f1xx_hal_msp.o
                              0x7264c (size before relaxing)
 .debug_str     0x00074eaf      0x10e Src/stm32f1xx_it.o
                              0x72aee (size before relaxing)
 .debug_str     0x00074fbd       0x69 Src/system_stm32f1xx.o
                              0x723b6 (size before relaxing)
 .debug_str     0x00075026      0x10c Src/telemetry.o
                              0x72ca1 (size before relaxing)
 .debug_str     0x00075132       0x1a Src/usart.o
                              0x72b40 (size before relaxing)
 .debug_str     0x0007514c       0xa9 Src/xbee.o
                              0x728ec (size before relaxing)
 .debug_str     0x000751f5       0x2f startup/startup_stm32f103xb.o
                                 0x6d (size before relaxing)

.comment        0x00000000       0x7f
 .comment       0x00000000       0x7f Drivers/STM32F1xx_HAL_Driver/Src/stm32f1xx_hal.o
                                 0x80 (size before relaxing)
 .comment       0x0000007f       0x80 Drivers/STM32F1xx_HAL_Driver/Src/stm32f1xx_hal_can.o
 .comment       0x0000007f       0x80 Drivers/STM32F1xx_HAL_Driver/Src/stm32f1xx_hal_cortex.o
 .comment       0x0000007f       0x80 Drivers/STM32F1xx_HAL_Driver/Src/stm32f1xx_hal_dma.o
 .comment       0x0000007f       0x80 Drivers/STM32F1xx_HAL_Driver/Src/stm32f1xx_hal_gpio.o
 .comment       0x0000007f       0x80 Drivers/STM32F1xx_HAL_Driver/Src/stm32f1xx_hal_rcc.o
 .comment       0x0000007f       0x80 Drivers/STM32F1xx_HAL_Driver/Src/stm32f1xx_hal_uart.o
 .comment       0x0000007f       0x80 Src/DMA_USART.o
 .comment       0x0000007f       0x80 Src/Interface_Master.o
 .comment       0x0000007f       0x80 Src/can.o
 .comment       0x0000007f       0x80 Src/dma.o
 .comment       0x0000007f       0x80 Src/gpio.o
 .comment       0x0000007f       0x80 Src/lcd_dash.o
 .comment       0x0000007f       0x80 Src/main.o
 .comment       0x0000007f       0x80 Src/nextion.o
 .comment       0x0000007f       0x80 Src/stm32f1xx_hal_msp.o
 .comment       0x0000007f       0x80 Src/stm32f1xx_it.o
 .comment       0x0000007f       0x80 Src/system_stm32f1xx.o
 .comment       0x0000007f       0x80 Src/telemetry.o
 .comment       0x0000007f       0x80 Src/usart.o
 .comment       0x0000007f       0x80 Src/xbee.o

.debug_frame    0x00000000     0x1b54
 .debug_frame   0x00000000      0x1ac Drivers/STM32F1xx_HAL_Driver/Src/stm32f1xx_hal.o
 .debug_frame   0x000001ac      0x208 Drivers/STM32F1xx_HAL_Driver/Src/stm32f1xx_hal_can.o
 .debug_frame   0x000003b4      0x12c Drivers/STM32F1xx_HAL_Driver/Src/stm32f1xx_hal_cortex.o
 .debug_frame   0x000004e0      0x148 Drivers/STM32F1xx_HAL_Driver/Src/stm32f1xx_hal_dma.o
 .debug_frame   0x00000628       0xd4 Drivers/STM32F1xx_HAL_Driver/Src/stm32f1xx_hal_gpio.o
 .debug_frame   0x000006fc      0x174 Drivers/STM32F1xx_HAL_Driver/Src/stm32f1xx_hal_rcc.o
 .debug_frame   0x00000870      0x4f0 Drivers/STM32F1xx_HAL_Driver/Src/stm32f1xx_hal_uart.o
 .debug_frame   0x00000d60       0x60 Src/DMA_USART.o
 .debug_frame   0x00000dc0       0xe8 Src/Interface_Master.o
 .debug_frame   0x00000ea8       0xf0 Src/can.o
 .debug_frame   0x00000f98       0x2c Src/dma.o
 .debug_frame   0x00000fc4       0x38 Src/gpio.o
 .debug_frame   0x00000ffc       0x58 Src/lcd_dash.o
 .debug_frame   0x00001054       0x58 Src/main.o
 .debug_frame   0x000010ac      0x398 Src/nextion.o
 .debug_frame   0x00001444       0x2c Src/stm32f1xx_hal_msp.o
 .debug_frame   0x00001470      0x138 Src/stm32f1xx_it.o
 .debug_frame   0x000015a8       0x30 Src/system_stm32f1xx.o
 .debug_frame   0x000015d8       0xbc Src/telemetry.o
 .debug_frame   0x00001694       0x94 Src/usart.o
 .debug_frame   0x00001728       0x74 Src/xbee.o
 .debug_frame   0x0000179c       0x2c c:/ac6/systemworkbench/plugins/fr.ac6.mcu.externaltools.arm-none.win32_1.17.0.201812190825/tools/compiler/bin/../lib/gcc/arm-none-eabi/7.3.1/../../../../arm-none-eabi/lib/thumb/v7-m\libc_nano.a(lib_a-init.o)
 .debug_frame   0x000017c8       0x28 c:/ac6/systemworkbench/plugins/fr.ac6.mcu.externaltools.arm-none.win32_1.17.0.201812190825/tools/compiler/bin/../lib/gcc/arm-none-eabi/7.3.1/../../../../arm-none-eabi/lib/thumb/v7-m\libc_nano.a(lib_a-memcpy-stub.o)
 .debug_frame   0x000017f0       0x20 c:/ac6/systemworkbench/plugins/fr.ac6.mcu.externaltools.arm-none.win32_1.17.0.201812190825/tools/compiler/bin/../lib/gcc/arm-none-eabi/7.3.1/../../../../arm-none-eabi/lib/thumb/v7-m\libc_nano.a(lib_a-memset.o)
 .debug_frame   0x00001810       0x6c c:/ac6/systemworkbench/plugins/fr.ac6.mcu.externaltools.arm-none.win32_1.17.0.201812190825/tools/compiler/bin/../lib/gcc/arm-none-eabi/7.3.1/../../../../arm-none-eabi/lib/thumb/v7-m\libc_nano.a(lib_a-sprintf.o)
 .debug_frame   0x0000187c       0x90 c:/ac6/systemworkbench/plugins/fr.ac6.mcu.externaltools.arm-none.win32_1.17.0.201812190825/tools/compiler/bin/../lib/gcc/arm-none-eabi/7.3.1/../../../../arm-none-eabi/lib/thumb/v7-m\libc_nano.a(lib_a-nano-svfprintf.o)
 .debug_frame   0x0000190c       0x60 c:/ac6/systemworkbench/plugins/fr.ac6.mcu.externaltools.arm-none.win32_1.17.0.201812190825/tools/compiler/bin/../lib/gcc/arm-none-eabi/7.3.1/../../../../arm-none-eabi/lib/thumb/v7-m\libc_nano.a(lib_a-nano-vfprintf_i.o)
 .debug_frame   0x0000196c       0x28 c:/ac6/systemworkbench/plugins/fr.ac6.mcu.externaltools.arm-none.win32_1.17.0.201812190825/tools/compiler/bin/../lib/gcc/arm-none-eabi/7.3.1/../../../../arm-none-eabi/lib/thumb/v7-m\libc_nano.a(lib_a-memchr-stub.o)
 .debug_frame   0x00001994       0x28 c:/ac6/systemworkbench/plugins/fr.ac6.mcu.externaltools.arm-none.win32_1.17.0.201812190825/tools/compiler/bin/../lib/gcc/arm-none-eabi/7.3.1/../../../../arm-none-eabi/lib/thumb/v7-m\libc_nano.a(lib_a-memmove.o)
 .debug_frame   0x000019bc       0x38 c:/ac6/systemworkbench/plugins/fr.ac6.mcu.externaltools.arm-none.win32_1.17.0.201812190825/tools/compiler/bin/../lib/gcc/arm-none-eabi/7.3.1/../../../../arm-none-eabi/lib/thumb/v7-m\libc_nano.a(lib_a-nano-freer.o)
 .debug_frame   0x000019f4       0x2c c:/ac6/systemworkbench/plugins/fr.ac6.mcu.externaltools.arm-none.win32_1.17.0.201812190825/tools/compiler/bin/../lib/gcc/arm-none-eabi/7.3.1/../../../../arm-none-eabi/lib/thumb/v7-m\libc_nano.a(lib_a-nano-mallocr.o)
 .debug_frame   0x00001a20       0x3c c:/ac6/systemworkbench/plugins/fr.ac6.mcu.externaltools.arm-none.win32_1.17.0.201812190825/tools/compiler/bin/../lib/gcc/arm-none-eabi/7.3.1/../../../../arm-none-eabi/lib/thumb/v7-m\libc_nano.a(lib_a-nano-reallocr.o)
 .debug_frame   0x00001a5c       0x2c c:/ac6/systemworkbench/plugins/fr.ac6.mcu.externaltools.arm-none.win32_1.17.0.201812190825/tools/compiler/bin/../lib/gcc/arm-none-eabi/7.3.1/../../../../arm-none-eabi/lib/thumb/v7-m\libc_nano.a(lib_a-sbrkr.o)
 .debug_frame   0x00001a88       0x30 c:/ac6/systemworkbench/plugins/fr.ac6.mcu.externaltools.arm-none.win32_1.17.0.201812190825/tools/compiler/bin/../lib/gcc/arm-none-eabi/7.3.1/../../../../arm-none-eabi/lib/thumb/v7-m\libc_nano.a(lib_a-mlock.o)
 .debug_frame   0x00001ab8       0x20 c:/ac6/systemworkbench/plugins/fr.ac6.mcu.externaltools.arm-none.win32_1.17.0.201812190825/tools/compiler/bin/../lib/gcc/arm-none-eabi/7.3.1/../../../../arm-none-eabi/lib/thumb/v7-m\libc_nano.a(lib_a-nano-msizer.o)
 .debug_frame   0x00001ad8       0x5c c:/ac6/systemworkbench/plugins/fr.ac6.mcu.externaltools.arm-none.win32_1.17.0.201812190825/tools/compiler/bin/../lib/gcc/arm-none-eabi/7.3.1/../../../../arm-none-eabi/lib/thumb/v7-m\libc_nano.a(lib_a-reent.o)
 .debug_frame   0x00001b34       0x20 c:/ac6/systemworkbench/plugins/fr.ac6.mcu.externaltools.arm-none.win32_1.17.0.201812190825/tools/compiler/bin/../lib/gcc/arm-none-eabi/7.3.1/../../../../arm-none-eabi/lib/thumb/v7-m\libnosys.a(sbrk.o)
